make vector
